// Jest Snapshot v1, https://goo.gl/fbAQLP

exports[`Grocery should match the snapshot 1`] = `"<article class=\\"Grocery \\"><h2>Item: apple</h2><h3>Quantity: 6</h3><button class=\\"purchase-btn\\">Purchase</button></article>"`;
